{
  "info": {
    "title": "Carbon Intensity Calculator",
    "version": "v1.0"
  },
  "tags": [
    {
      "name": "Data"
    }
  ],
  "servers": [
    {
      "url": "/"
    }
  ],
  "paths": {
    "/intensities": {
      "post": {
        "summary": "Intensity data for the current 48 hour period",
        "description": "Retrieves the intensity data for the current 48 hour period used in the model",
        "tags": [
          "Data"
        ],
        "parameters": [
        ],
        "requestBody": {
          "content": {
            "application/json": {
              "schema": {
                "type": "string"
              }
            }
          },
          "required": true
        },
        "responses": {
          "200": {
            "description": "OK",
            "content": {
              "application/json": {
                "example": {
                  "intensities": [
                    100,
                    100,
                    100,
                    100,
                    100,
                    100,
                    100,
                    100,
                    100,
                    100,
                    100,
                    100,
                    100,
                    100,
                    100,
                    100,
                    100,
                    100,
                    100,
                    100,
                    100,
                    100,
                    100,
                    100,
                    100,
                    100,
                    100,
                    100,
                    100,
                    100,
                    100,
                    100,
                    100,
                    100,
                    100,
                    100,
                    100,
                    100,
                    100,
                    100,
                    100,
                    100,
                    100,
                    100,
                    100,
                    100,
                    100,
                    100
                  ],
                  "date": "2024-09-30T00:00:00Z"
                },
                "schema": {
                  "$ref": "#/components/schemas/IntensitiesResponse"
                }
              }
            }
          }
        },
        "security": [
        ],
        "operationId": "postIntensities",
        "deprecated": false
      }
    }
  },
  "components": {
    "schemas": {
      "IntensitiesResponse": {
        "properties": {
          "intensities": {
            "items": {
              "format": "int32",
              "type": "integer"
            },
            "example": [
              100,
              100,
              100,
              100,
              100,
              100,
              100,
              100,
              100,
              100,
              100,
              100,
              100,
              100,
              100,
              100,
              100,
              100,
              100,
              100,
              100,
              100,
              100,
              100,
              100,
              100,
              100,
              100,
              100,
              100,
              100,
              100,
              100,
              100,
              100,
              100,
              100,
              100,
              100,
              100,
              100,
              100,
              100,
              100,
              100,
              100,
              100,
              100
            ],
            "maxItems": 48,
            "minItems": 48,
            "type": "array",
            "nullable": false
          },
          "date": {
            "example": "2024-09-30T00:00:00Z",
            "format": "date-time",
            "type": "string",
            "nullable": false
          }
        },
        "example": {
          "intensities": [
            100,
            100,
            100,
            100,
            100,
            100,
            100,
            100,
            100,
            100,
            100,
            100,
            100,
            100,
            100,
            100,
            100,
            100,
            100,
            100,
            100,
            100,
            100,
            100,
            100,
            100,
            100,
            100,
            100,
            100,
            100,
            100,
            100,
            100,
            100,
            100,
            100,
            100,
            100,
            100,
            100,
            100,
            100,
            100,
            100,
            100,
            100,
            100
          ],
          "date": "2024-09-30T00:00:00Z"
        },
        "type": "object",
        "required": [
          "date",
          "intensities"
        ]
      }
    },
    "securitySchemes": {
    }
  },
  "openapi": "3.0.0"
}